// Jest Snapshot v1, https://goo.gl/fbAQLP

exports[`CalendarControl should match to snapshot 1`] = `null`;
