// Jest Snapshot v1, https://goo.gl/fbAQLP

exports[`Memo should match to snapshot 1`] = `null`;
